"""
This is the test file for the BaseGeometry class.

>>> BaseGeometry = __import__('7-base_geometry').BaseGeometry

Test area method:
>>> bg = BaseGeometry()
>>> bg.area()
Traceback (most recent call last):
    ...
Exception: area() is not implemented

Test integer_validator method with zero:
>>> bg.integer_validator("age", 0)
Traceback (most recent call last):
    ...
ValueError: age must be greater than 0

Test integer_validator method with negative number:
>>> bg.integer_validator("distance", -4)
Traceback (most recent call last):
    ...
ValueError: distance must be greater than 0

Test integer_validator method with valid inputs:
>>> bg.integer_validator("my_int", 12)
>>> bg.integer_validator("width", 89)

Test integer_validator method with non-integer input:
>>> bg.integer_validator("name", "John")
Traceback (most recent call last):
    ...
TypeError: name must be an integer



"""
