"""
This is the "2-matrix_divided" module.
The 2-matrix_divided module supplies one function, matrix_divided().
"""

def matrix_divided(matrix, div):
    """Divides all elements in the matrix by div"""
    return

>>> matrix_divided([[1, 2, 3], [4, 5, 6]], 3)
[[0.33, 0.67, 1.0], [1.33, 1.67, 2.0]]

>>> matrix_divided([[1, 2, 3], [4, 5, 6]], 3.0)
[[0.33, 0.67, 1.0], [1.33, 1.67, 2.0]]

>>> matrix_divided([[1.1, -2.2, 3.3], [4.4, 5.5, -6.6]], 3)
[[0.37, -0.73, 1.1], [1.47, 1.83, -2.2]]

>>> matrix_divided([[1, 2, 3], [4, 5, 6]], 4.5)
[[0.22, 0.44, 0.67], [0.89, 1.11, 1.33]]

>>> matrix = [[1, 2, 3], [4, 5, 6]]
>>> matrix_divided(matrix, 3)
[[0.33, 0.67, 1.0], [1.33, 1.67, 2.0]]
>>> matrix
[[1, 2, 3], [4, 5, 6]]

>>> matrix_divided([[]], 2)
[[]]

>>> matrix_divided([], 2)
Traceback (most recent call last):
    ...
TypeError: matrix must be a matrix (list of lists) of integers/floats

>>> matrix_divided("not a matrix", 2)
Traceback (most recent call last):
    ...
TypeError: matrix must be a matrix (list of lists) of integers/floats

>>> matrix_divided([[1, 2, 3], [4, 5, "6"]], 2)
Traceback (most recent call last):
    ...
TypeError: matrix must be a matrix (list of lists) of integers/floats

>>> matrix_divided([[1, 2, 3], [4, 5]], 2)
Traceback (most recent call last):
    ...
TypeError: Each row of the matrix must have the same size

>>> matrix_divided([[1, 2, 3], [4, 5, 6]], "2")
Traceback (most recent call last):
    ...
TypeError: div must be a number

>>> matrix_divided([[1, 2, 3], [4, 5, 6]], 0)
Traceback (most recent call last):
    ...
ZeroDivisionError: division by zero

>>> matrix_divided([[1, 2, 3], [4, 5, 6]])
Traceback (most recent call last):
    ...
TypeError: matrix_divided() missing 1 required positional argument: 'div'

>>> matrix_divided()
Traceback (most recent call last):
    ...
TypeError: matrix_divided() missing 2 required positional arguments: 'matrix' and 'div'
